// Jest Snapshot v1, https://goo.gl/fbAQLP

exports[`renders button component with props 1`] = `
<DocumentFragment>
  <button
    class="btn"
    id="textButton"
  >
    Taha Selim!
  </button>
</DocumentFragment>
`;
